// Jest Snapshot v1, https://goo.gl/fbAQLP

exports[`<Item /> renders and matches the snapshot 1`] = `
<ItemStyles__Item>
  <img
    alt="A cool item"
    src="dog.jpg"
  />
  <Title>
    <Link
      href={
        Object {
          "pathname": "/item",
          "query": Object {
            "id": "ABC123",
          },
        }
      }
    >
      <a>
        A cool item
      </a>
    </Link>
  </Title>
  <PriceTag>
    $40
  </PriceTag>
  <p>
    This item
  </p>
  <div
    className="buttonList"
  >
    <Link
      href={
        Object {
          "pathname": "update",
          "query": Object {
            "id": "ABC123",
          },
        }
      }
    >
      <a>
        Edit ✏️
      </a>
    </Link>
    <AddToCart
      id="ABC123"
    />
    <componentName
      id="ABC123"
    >
      Delete this Item
    </componentName>
  </div>
</ItemStyles__Item>
`;
